[2026-04-24 10:14:12] ========================================
[2026-04-24 10:14:12] Git Auto Commit Script Started
[2026-04-24 10:14:12] ========================================
[2026-04-24 10:14:12] Running in single commit mode
[2026-04-24 10:14:13] Current branch: dev
[2026-04-24 10:14:13] Adding all changes...
[2026-04-24 10:14:13] Committing with message: 更改crc8算法为crc16
[2026-04-24 10:14:13] Pushing to remote...
[2026-04-24 10:14:18] SUCCESS: Changes committed and pushed successfully
[2026-04-24 10:14:18] ========================================
[2026-04-24 10:14:18] Git Auto Commit Script Finished
[2026-04-24 10:14:18] ========================================
[2026-04-24 12:28:18] ========================================
[2026-04-24 12:28:18] Git Auto Commit Script Started
[2026-04-24 12:28:18] ========================================
[2026-04-24 12:28:18] Running in single commit mode
[2026-04-24 12:28:18] Current branch: dev
[2026-04-24 12:28:18] Adding all changes...
[2026-04-24 13:37:16] ========================================
[2026-04-24 13:37:16] Git Auto Commit Script Started
[2026-04-24 13:37:16] ========================================
[2026-04-24 13:37:16] Running in single commit mode
[2026-04-24 13:37:16] Current branch: dev
[2026-04-24 13:37:17] Adding all changes...
